True Grade 1 has startable real lessons
True Grade 2 has startable real lessons
True Grade 3 has startable real lessons
True Grade 4 has startable real lessons
True Grade 5 has startable real lessons
True Grade 6 has startable real lessons
True All five ordinary maths strands have skills
True Clock keyboard range updates to 23:59
True Clock buttons still work after redraw
True Range listener retained after redraw
True Protractor shows 175 degree bounded value
True Unit-cube stack has 125 cubes, not a flat cuboid placeholder
True 3D tool 320px width has no horizontal overflow
True Ruler start/end remain ordered at right bound
True Ruler left bound keeps a positive interval
True Zero data chart has no NaN/Infinity SVG coordinates
True Lesson clock adjustment persists through close and resume
True Olympiad level 1 shows five different skills
True Original mock 1 includes ten questions and correct level
True Mock 1 completed without paying exam coins
True Olympiad level 2 shows five different skills
True Original mock 2 includes ten questions and correct level
True Mock 2 completed without paying exam coins
True Olympiad level 3 shows five different skills
True Original mock 3 includes ten questions and correct level
True Mock 3 completed without paying exam coins
True Olympiad level 4 shows five different skills
True Original mock 4 includes ten questions and correct level
True Mock 4 completed without paying exam coins
True Money answer sentence remains populated after grading
True No browser exceptions across new tools and mocks
True Star Patrol mobile slow key is visible
Traceback (most recent call last):
  File "/mnt/data/WordQuest_R3_Complete/r3_tests/new_features_browser.py", line 11, in ck
    try:v=fn();assert v is not False;results.append({'id':'NEW-'+str(len(results)+1),'name':name,'pass':True,'detail':v})
                      ^^^^^^^^^^^^^^
AssertionError

False Touch slow key reaches engine hold state
True Cancelled touch releases slow key
Traceback (most recent call last):
  File "/mnt/data/WordQuest_R3_Complete/r3_tests/new_features_browser.py", line 11, in ck
    try:v=fn();assert v is not False;results.append({'id':'NEW-'+str(len(results)+1),'name':name,'pass':True,'detail':v})
          ~~^^
  File "/mnt/data/WordQuest_R3_Complete/r3_tests/new_features_browser.py", line 57, in <lambda>
    ck('Arcade control test no uncaught errors',lambda:req(not errs,errs));b.close()
                                                       ~~~^^^^^^^^^^^^^^^
  File "/mnt/data/WordQuest_R3_Complete/r3_tests/new_features_browser.py", line 14, in req
    def req(v,msg='failed'):assert v,msg;return True
                                   ^
AssertionError: ["Failed to execute 'setPointerCapture' on 'Element': No active pointer with the given id is found."]

False Arcade control test no uncaught errors
TOTAL 35 PASS 33
