OK   r3     r3_tests/content_generate.cjs                rc=0 pass=0 fail=0 bad=0 1s
OK   r3     r3_tests/independent_oracle.py               rc=0 pass=0 fail=0 bad=0 0s
OK   r3     r3_tests/family_contracts.cjs                rc=0 pass=0 fail=0 bad=0 0s
OK   r3     r3_tests/server_contracts.mjs                rc=0 pass=0 fail=0 bad=0 0s
OK   r3     r3_tests/arcade_regression.cjs               rc=0 pass=0 fail=0 bad=0 3s
OK   r3     r3_tests/family_browser.py                   rc=0 pass=0 fail=0 bad=0 9s
OK   r3     r3_tests/new_features_browser.py             rc=0 pass=0 fail=0 bad=0 40s
OK   r3     r3_tests/arcade_browser.py                   rc=0 pass=0 fail=0 bad=0 61s
FAIL r3     r3_tests/integration_regression.py           rc=1 pass=365 fail=64 bad=64 479s
OK   r3     r3_tests/lesson_text_browser.py              rc=0 pass=0 fail=0 bad=0 35s
OK   r31    r31_tests/characters_core.cjs                rc=0 pass=0 fail=0 bad=0 0s
OK   r31    r31_tests/family_contracts.cjs               rc=0 pass=0 fail=0 bad=0 0s
OK   r31    r31_tests/arcade_regression.cjs              rc=0 pass=0 fail=0 bad=0 4s
FAIL r31    r31_tests/characters_browser.py              rc=1 pass=0 fail=0 bad=2 20s
OK   r31    r31_tests/family_browser.py                  rc=0 pass=0 fail=0 bad=0 9s
OK   r31    r31_tests/integration_regression.py          rc=0 pass=429 fail=0 bad=0 188s
OK   r31    r31_tests/arcade_browser.py                  rc=0 pass=0 fail=0 bad=0 60s
OK   r32    r32_tests/arcade_regression.cjs              rc=0 pass=0 fail=0 bad=0 3s
OK   r32    r32_tests/family_contracts.cjs               rc=0 pass=0 fail=0 bad=0 0s
OK   r32    r32_tests/new_core.cjs                       rc=0 pass=0 fail=0 bad=0 0s
OK   r32    r32_tests/family_browser.py                  rc=0 pass=0 fail=0 bad=0 9s
OK   r32    r32_tests/characters_browser.py              rc=0 pass=0 fail=0 bad=0 20s
OK   r32    r32_tests/integration_regression.py          rc=0 pass=75 fail=0 bad=0 63s
OK   r32    r32_tests/arcade_browser.py                  rc=0 pass=0 fail=0 bad=0 61s
OK   r32    r32_tests/browser_new.py                     rc=0 pass=0 fail=0 bad=0 10s
OK   r32    r32_tests/cloud_live.py                      rc=0 pass=0 fail=0 bad=0 8s
OK   r32    r32_tests/server_contracts.mjs               rc=0 pass=0 fail=0 bad=0 0s
OK   r32    r32_tests/server_native_http.mjs             rc=0 pass=0 fail=0 bad=0 2s
OK   arcade arcade_tests/core_tests.cjs                  rc=0 pass=0 fail=0 bad=0 4s
OK   arcade arcade_tests/syntax_check.py                 rc=0 pass=0 fail=0 bad=0 3s
OK   arcade arcade_tests/browser_arcade.py               rc=0 pass=0 fail=0 bad=0 62s
OK   arcade arcade_tests/browser_compatibility.py        rc=0 pass=0 fail=0 bad=0 24s
OK   arcade arcade_tests/browser_probe.py                rc=0 pass=0 fail=0 bad=0 7s
OK   arcade arcade_tests/browser_safety.py               rc=0 pass=0 fail=0 bad=0 30s
OK   arcade tests/smoke.py                               rc=0 pass=0 fail=0 bad=0 6s
OK   arcade arcade_tests/r1_regression.py                rc=1 pass=419 fail=10 bad=10 194s
OK   arcade tests/integration_checks.py                  rc=1 pass=419 fail=10 bad=10 186s
FAIL legacy: 36/38 suites ok
