boot errors []
{'version': 'R2.0.0', 'catalogue': 26, 'newGames': 5, 'audioContext': 'not-created', 'audioError': '', 'globalMute': False, 'sfxVolume': 0.6, 'musicVolume': 0.35, 'liveAudioNodes': 0}
profile {'id': 'c_demo', 'name': '整合測試學員', 'grade': 3, 'account': 'u_mur4ncva_1_wyjtoh9yjxm', 'persistent': True, 'balance': 0}
body WORDQUEST · LEARN & PLAY

歡迎來到
學習街機館

看見下一個目標，完成一小段學習。
一個金幣，開啟一局新冒險。

返回學習
家長設定
原有21款＋5款新街機 · 全部可預覽
W
我的金幣
0
阿峰與糖栗老師，一起探索街機

選一位角色陪伴。先看玩法，再開始；角色不改分數、生命或難度。

選阿峰陪伴
選糖栗老師陪伴
看看角色
這輪投幣
0 / 5
通過複習
0 項
已開放街機
9 / 26
今日學習所得
0 / 5 幣

YOUR NEXT ADVENTURE

下一個想玩甚麼？

再通過 5 個學習項目複習，開放更多遊戲。未開放也可以看真實玩法。

不設遊玩倒數 · 不自動續幣
新街機
全部
動作
運動
解謎
策略
創作
RUINS COURIER
遺跡郵差
✓ 已開放

石林、峽谷、月廟三段送信。必須辨認橫欄與拱門，再決定跳、滑或換線。

已開放
W
投 1 幣 · 看玩法
阿峰陪你看玩法
CLOUD ISLAND
雲島探險
✓ 已開放

探索三座雲島，短跳、高跳、彈簧與短衝。安全旗幟讓重生不再連續失敗。

已開放
W
投 1 幣 · 看玩法
糖栗老師陪你看玩法
STAR PATROL
星環巡航
▣ 可預覽

切換散射與集中能量泡，穿梭三種編隊；守關機半血後會轉換彈幕。

再通過 5 個學習項目複習
查看玩法與解鎖
阿峰陪你看玩法
LIGHTHOUSE WELL
燈塔深井
▣ 可預覽

越過輸送帶、移動、脆裂與彈簧平台，收集燈芯，深入六十層。

再通過 5 個學習項目複習
查看玩法與解鎖
糖栗老師陪你看玩法
HARBOR VOLLEY
海港排球
✓ 已開放

面對有反應時間的電腦對手，使用高球、網前扣球和放短球改變節奏。

已開放
W
投 1 幣 · 看玩法
阿峰陪你看玩法

COLLECT COLOURS, NOT ADVANTAGES

每個新造型，都看得到

三款旗艦遊戲共用的配色。只改外觀，不增加生命、不加速，不需要另外買幣。

晴空原色

已開放

已選用
日落塗裝

再通過 15 項複習

預覽造型
月夜塗裝

再通過 30 項複習

預覽造型
金幣怎樣取得？舊資料怎樣處理？
我的街機紀錄 · 原有21款紀錄繼續保留
errors []
dbkeys ['wordquest-v10-user-u_mur4ncva_1_wyjtoh9yjxm', 'wordquest-v10-accounts']
dialog RUINS COURIER

遺跡郵差
關閉
真實引擎預覽 · 不扣幣 · 不可操作
阿峰 · 奧數同學

這是真實玩法預覽，未開始不扣幣。看清楚按鍵再選擇。

方向鍵或 WASD：左右換線、上跳、下滑；Space 亦可跳。橫跨三線的障礙不能只靠換線避過。三格生命，1500米完成；收集物只增加分數，不派金幣。

3格生命 · 三段送信1500米
已解鎖，可隨時投幣。
W
確認投 1 幣開始

金幣 0 · 這輪已投 0/5 · 只扣一次，按開始才進入遊戲。

預覽中的分數、生命和收集物不會寫入你的帳戶。
buttons [{'text': '關閉', 'data': {'a28': 'close'}}, {'text': 'W\n確認投 1 幣開始', 'data': {'a28': 'buy', 'id': 'ruins-courier'}}]
