# t04a game prices (economy rules)  app=/tmp/ab36/r35/app/index.html
FAIL [B] A1 there are 26 games and each has a price from 1 to 4
FAIL [B] A2 the price table is exactly the agreed one | threw: A.cost is not a function
FAIL [B] A3 all four prices are used and the dearer games are the harder / later ones (cost never falls as the unlock threshold rises within the original 21) | [0,0,0,0]
FAIL [B] A4 MAX_COST is 4 and an unknown id falls back to a price of 1 (never free, never above 4)
FAIL [B] B1 buying each game takes exactly its price and writes a -price ledger line | drift-path,meadow-cricket,honey-delivery,color-workshop,forest-pong,juice-lines,honeycomb-puzzle,valley-race,rolling-block,block-studio,star-rhythm,color-orbit,garden-paths,little-engineer,sweet-studio,ruins-courier,cloud-island,star-patrol,lighthouse-well,harbor-volley
FAIL [B] B2 with exactly the price in the wallet the game can be bought and the balance goes to 0
FAIL [B] B3 one coin short: refused, the message names the price, and nothing changed | sky-rescue,forest-dash,moon-bells,bounce-basket,number-garden,forest-band,drift-path,meadow-cricket,honey-delivery,color-workshop,forest-pong,juice-lines,honeycomb-puzzle,valley-race,rolling-block,block-studio,star-rhythm,color-orbit,garden-paths,little-engineer,sweet-studio,ruins-courier,cloud-island,star-patrol,lighthouse-well,harbor-volley
FAIL [B] B4 a 1-coin game stays possible with 1 coin, a 4-coin game is not possible with 3 | did not throw
PASS B5 the same receipt cannot be used twice (no double charge)
PASS B6 a locked game cannot be bought even with enough coins
FAIL [B] C1 cancelling an unstarted round gives back exactly what it cost, for every game | drift-path,meadow-cricket,honey-delivery,color-workshop,forest-pong,juice-lines,honeycomb-puzzle,valley-race,rolling-block,block-studio,star-rhythm,color-orbit,garden-paths,little-engineer,sweet-studio,ruins-courier,cloud-island,star-patrol,lighthouse-well,harbor-volley
PASS C2 a round that has started cannot be cancelled
FAIL [B] C3 a full wallet cannot take a refund that would pass the limit | did not throw
FAIL [B] D1 five plays per round whatever they cost; the sixth is refused with a message about plays, not coins | 這一輪的 5 枚金幣已經用完。完成下一輪學習，或請家長開放下一輪。
FAIL [B] D2 the coins spent in a round of five add up to the sum of their prices | 45
PASS E1 earning is unchanged: 1 coin per distinct task, +1 on the third, 4 tasks pay, never more than 5 a day | [1,1,2,1,0,0,0]
PASS E2 an invalid (not full-marks) task pays nothing and is not recorded as done
PASS E3 the same task twice in a day pays once
FAIL [B] F1 a saved wallet with spends of 1, 2, 3 and 4 coins and a refund passes validate() | [-1,-1,-1,-1,1]
PASS F2 a wallet saved by R3.5 (every spend -1) still loads
PASS F3 a spend of 5 coins, 0 coins or a refund of 5 is rejected as corrupt | []
PASS F4 positive "spend" lines (a way to mint coins) are rejected
SUMMARY t04a game prices (economy rules): 9/22 passed; failed [B] (expected on R3.5 base) = 13; failed other = 0; 0s
