pass App opens without JavaScript exceptions
pass Six named animals, never the previous owl/firefly/bee identities
pass 42 inline artwork assets decode without network
pass New account defaults disable animation and use automatic assignment
pass Gallery owl: real click selects decoded front
pass Gallery owl: real click selects decoded face0
pass Gallery owl: real click selects decoded face1
pass Gallery owl: real click selects decoded face2
pass Gallery owl: real click selects decoded face3
pass Gallery owl: real click selects decoded face4
pass Gallery owl: real click selects decoded sheet
pass Gallery fox: real click selects decoded front
pass Gallery fox: real click selects decoded face0
pass Gallery fox: real click selects decoded face1
pass Gallery fox: real click selects decoded face2
pass Gallery fox: real click selects decoded face3
pass Gallery fox: real click selects decoded face4
pass Gallery fox: real click selects decoded sheet
pass Gallery panda: real click selects decoded front
pass Gallery panda: real click selects decoded face0
pass Gallery panda: real click selects decoded face1
pass Gallery panda: real click selects decoded face2
pass Gallery panda: real click selects decoded face3
pass Gallery panda: real click selects decoded face4
pass Gallery panda: real click selects decoded sheet
pass Gallery bee: real click selects decoded front
pass Gallery bee: real click selects decoded face0
pass Gallery bee: real click selects decoded face1
pass Gallery bee: real click selects decoded face2
pass Gallery bee: real click selects decoded face3
pass Gallery bee: real click selects decoded face4
pass Gallery bee: real click selects decoded sheet
pass Gallery star: real click selects decoded front
pass Gallery star: real click selects decoded face0
pass Gallery star: real click selects decoded face1
pass Gallery star: real click selects decoded face2
pass Gallery star: real click selects decoded face3
pass Gallery star: real click selects decoded face4
pass Gallery star: real click selects decoded sheet
pass Gallery rabbit: real click selects decoded front
pass Gallery rabbit: real click selects decoded face0
pass Gallery rabbit: real click selects decoded face1
pass Gallery rabbit: real click selects decoded face2
pass Gallery rabbit: real click selects decoded face3
pass Gallery rabbit: real click selects decoded face4
pass Gallery rabbit: real click selects decoded sheet
pass No invented side or back angles advertised as available
pass Gallery no horizontal overflow at 320px
pass Gallery no horizontal overflow at 390px
pass Gallery no horizontal overflow at 768px
pass Gallery no horizontal overflow at 1280px
pass Gallery fixed selection keeps keyboard focus on the replacement selector
pass Home character opens actual modal with focus on close control
pass Escape closes gallery and returns focus to origin button
pass Maths home automatically uses otter helper
pass Tool workshop uses the red panda teacher
pass Olympiad home uses the goat classmate
pass Early number practice uses the otter
pass Changing fixed maths helper preserves unsubmitted input
pass Changing fixed helper does not write maths state or balance
pass Fixed helper actually changes image and name
pass Hide setting removes maths portrait without deleting draft
pass Wrong answer shows supportive hedgehog, not reward or shame
pass Enter submission retains keyboard focus on actual feedback
pass Correct submission switches to success expression
pass Companion never prints the answer or invokes scoring itself
pass Geometry practice chooses fox teacher from skill context
pass Maths guide and question no overflow at 320px
pass Maths guide and question no overflow at 390px
pass Maths guide and question no overflow at 844px
pass Maths guide and question no overflow at 1280px
Traceback (most recent call last):
  File "/mnt/data/wq_character_work/WordQuest_R3/r31_tests/characters_browser.py", line 15, in check
    result=fn();assert result is not False;row={'id':f'FOREST-UI-{len(rows)+1:03d}','name':name,'status':'pass','detail':result}
  File "/mnt/data/wq_character_work/WordQuest_R3/r31_tests/characters_browser.py", line 94, in <lambda>
    check('Global hide removes decorative English portraits but keeps character gallery access',lambda:req(p.locator('.l30-hero img[data-wq32-character]').count()==0 and p.locator('#wq32-home-cast').count()==1))
                                                                                                       ~~~^^^^^^^^^^^^^^^^^^^^^^^^^^^^^^^^^^^^^^^^^^^^^^^^^^^^^^^^^^^^^^^^^^^^^^^^^^^^^^^^^^^^^^^^^^^^^^^^^^^^^^^^
  File "/mnt/data/wq_character_work/WordQuest_R3/r31_tests/characters_browser.py", line 19, in req
    def req(b,msg='assertion failed'):assert b,msg;return True
                                             ^
AssertionError: assertion failed

fail Global hide removes decorative English portraits but keeps character gallery access
pass Reduced-motion preference suppresses maths entry animation
pass Simulated app reopen restores per-child fixed preference
pass Restored preference is used by actual maths image
Traceback (most recent call last):
  File "/mnt/data/wq_character_work/WordQuest_R3/r31_tests/characters_browser.py", line 105, in <module>
    key=p.evaluate('Object.keys(localStorage.dump()).find(k=>k.startsWith("wordquest-v32-characters:normal:")&&!k.includes(":guest:"))')
  File "/opt/pyvenv/lib/python3.13/site-packages/playwright/sync_api/_generated.py", line 8562, in evaluate
    self._sync(
    ~~~~~~~~~~^
        self._impl_obj.evaluate(expression=expression, arg=mapping.to_impl(arg))
        ^^^^^^^^^^^^^^^^^^^^^^^^^^^^^^^^^^^^^^^^^^^^^^^^^^^^^^^^^^^^^^^^^^^^^^^^
    )
    ^
  File "/opt/pyvenv/lib/python3.13/site-packages/playwright/_impl/_sync_base.py", line 115, in _sync
    return task.result()
           ~~~~~~~~~~~^^
  File "/opt/pyvenv/lib/python3.13/site-packages/playwright/_impl/_page.py", line 464, in evaluate
    return await self._main_frame.evaluate(expression, arg)
           ^^^^^^^^^^^^^^^^^^^^^^^^^^^^^^^^^^^^^^^^^^^^^^^^
  File "/opt/pyvenv/lib/python3.13/site-packages/playwright/_impl/_frame.py", line 320, in evaluate
    await self._channel.send(
    ...<6 lines>...
    )
  File "/opt/pyvenv/lib/python3.13/site-packages/playwright/_impl/_connection.py", line 69, in send
    return await self._connection.wrap_api_call(
           ^^^^^^^^^^^^^^^^^^^^^^^^^^^^^^^^^^^^^
    ...<3 lines>...
    )
    ^
  File "/opt/pyvenv/lib/python3.13/site-packages/playwright/_impl/_connection.py", line 559, in wrap_api_call
    raise rewrite_error(error, f"{parsed_st['apiName']}: {error}") from None
playwright._impl._errors.Error: Page.evaluate: Target crashed 
