Traceback (most recent call last):
  File "/mnt/data/wq_character_work/WordQuest_R3/r31_tests/child_and_exam.py", line 21, in <module>
    p.locator('#wqm-app-host [data-action="nav:olympiad"]').click();p.locator('#wqm-app-host [data-action="mock:1"]').click()
    ~~~~~~~~~~~~~~~~~~~~~~~~~~~~~~~~~~~~~~~~~~~~~~~~~~~~~~~~~~~~~^^
  File "/opt/pyvenv/lib/python3.13/site-packages/playwright/sync_api/_generated.py", line 15637, in click
    self._sync(
    ~~~~~~~~~~^
        self._impl_obj.click(
        ^^^^^^^^^^^^^^^^^^^^^
    ...<10 lines>...
        )
        ^
    )
    ^
  File "/opt/pyvenv/lib/python3.13/site-packages/playwright/_impl/_sync_base.py", line 115, in _sync
    return task.result()
           ~~~~~~~~~~~^^
  File "/opt/pyvenv/lib/python3.13/site-packages/playwright/_impl/_locator.py", line 162, in click
    return await self._frame._click(self._selector, strict=True, **params)
           ^^^^^^^^^^^^^^^^^^^^^^^^^^^^^^^^^^^^^^^^^^^^^^^^^^^^^^^^^^^^^^^
  File "/opt/pyvenv/lib/python3.13/site-packages/playwright/_impl/_frame.py", line 566, in _click
    await self._channel.send("click", self._timeout, locals_to_params(locals()))
  File "/opt/pyvenv/lib/python3.13/site-packages/playwright/_impl/_connection.py", line 69, in send
    return await self._connection.wrap_api_call(
           ^^^^^^^^^^^^^^^^^^^^^^^^^^^^^^^^^^^^^
    ...<3 lines>...
    )
    ^
  File "/opt/pyvenv/lib/python3.13/site-packages/playwright/_impl/_connection.py", line 559, in wrap_api_call
    raise rewrite_error(error, f"{parsed_st['apiName']}: {error}") from None
playwright._impl._errors.Error: Locator.click: Error: strict mode violation: locator("#wqm-app-host [data-action=\"nav:olympiad\"]") resolved to 2 elements:
    1) <button class="" type="button" data-action="nav:olympiad">思維之塔</button> aka get_by_role("button", name="思維之塔")
    2) <button class="" type="button" data-action="nav:olympiad">挑戰一個謎題　→</button> aka get_by_role("button", name="挑戰一個謎題 →")

Call log:
  - waiting for locator("#wqm-app-host [data-action=\"nav:olympiad\"]")

